
> vue:adonis:fail
> VUE_HOST=adonis vitest run --config vue/vitest.config.ts


 RUN  v5.0.0 /Users/antoinelzch/Projects/esctt/prototype/coverage-remapping/vue/adonis
      Coverage enabled with v8


 Test Files  1 passed (1)
      Tests  1 passed (1)
   Start at  18:26:08
   Duration  551ms (environment 83%, import 6%, transform 6%, worker 4%, tests 2%)

[34m % [39m[2mCoverage report from [22m[33mv8[39m
--------------|---------|----------|---------|---------|-------------------
File          | % Stmts | % Branch | % Funcs | % Lines | Uncovered Line #s 
--------------|---------|----------|---------|---------|-------------------
All files     |     100 |       50 |     100 |     100 |                   
 Greeting.vue |     100 |       50 |     100 |     100 | 5                 
--------------|---------|----------|---------|---------|-------------------

=============================== Coverage summary ===============================
Statements   : 100% ( 4/4 )
Branches     : 50% ( 1/2 )
Functions    : 100% ( 1/1 )
Lines        : 100% ( 3/3 )
================================================================================
ERROR: Coverage for branches (50%) does not meet global threshold (100%)
